Loaded configuration from C:\Users\Administrator\Downloads\ACE-Step-1.5-main\.env.example (fallback)

============================================================
GPU Configuration Detected:
============================================================
  GPU Memory: 24.00 GB
  Configuration Tier: tier6
  Max Duration (with LM): 480s (8 min)
  Max Duration (without LM): 480s (8 min)
  Max Batch Size (with LM): 4
  Max Batch Size (without LM): 8
  Default LM Init: True
  Available LM Models: ['acestep-5Hz-lm-0.6B', 'acestep-5Hz-lm-1.7B', 'acestep-5Hz-lm-4B']
============================================================

CPU offload disabled by default (GPU >= 16GB)
Output directory: C:/Users/Administrator/Downloads/ACE-Step-1.5-main/gradio_outputs
Auto-enabling CPU offload (4B LM model requires offloading on 24GB GPU)
Initializing service from command line...
Initializing DiT model: acestep-v15-turbo on auto...
DiT model initialized successfully
Initializing 5Hz LM: acestep-5Hz-lm-4B on auto...
5Hz LM initialized successfully
Service initialization completed successfully!
Creating Gradio interface with language: en...
Enabling queue for multi-user support...
Launching server on 127.0.0.1:7860...
